[nvmassageandwellness.com/index.html]
[backblue.gif]
[fade.gif]
[index.html]
[nvmassageandwellness.com/_br/__b_Warning_/b__  Use of undefined constant THEME_DIR - assu/home/customer/www/nvmassageandwellness.com/public_ht/favicon.0.delaye]
[stackpath.bootstrapcdn.com/font-awesome/4.7.0/css/font-awesome.min.css]
[nvmassageandwellness.com/wp-content/themes/nvmaw/style9b2d.css]
[nvmassageandwellness.com/wp-content/themes/nvmaw/responsive9b2d.css]
[nvmassageandwellness.com/feed/index.html]
[nvmassageandwellness.com/wp-includes/css/dist/block-library/style.min9b2d.css]
[nvmassageandwellness.com/wp-includes/css/classic-themes.min68b3.css]
[nvmassageandwellness.com/wp-content/plugins/contact-form-7/includes/css/styles7661.css]
[nvmassageandwellness.com/wp-content/plugins/divi-builder/includes/builder/styles/frontend-builder-plugin-style.unified8e83.css]
[nvmassageandwellness.com/wp-includes/js/jquery/jquery.mina7a0.js]
[nvmassageandwellness.com/wp-includes/js/jquery/jquery-migrate.mind617.js]
[nvmassageandwellness.com/wp-json/index.html]
[nvmassageandwellness.com/wp-json/wp/v2/pages/11.json]
[nvmassageandwellness.com/wp-json/oembed/1.0/embed70b1.json]
[nvmassageandwellness.com/wp-json/oembed/1.0/embede0bd]
[nvmassageandwellness.com/wp-content/plugins/divi-builder/core/admin/fonts/modules.ttf]
[nvmassageandwellness.com/wp-content/uploads/2020/10/cropped-nvmaw-site-icon-32x32.png]
[nvmassageandwellness.com/wp-content/uploads/2020/10/cropped-nvmaw-site-icon-192x192.png]
[nvmassageandwellness.com/wp-content/uploads/2020/10/cropped-nvmaw-site-icon-180x180.png]
[nvmassageandwellness.com/wp-content/et-cache/11/et-core-unified-11-1667333293862.min.css]
[d1yw3duy3i4qiv.cloudfront.net/js/sdk-v1.js]
[nvmassageandwellness.com/become-a-member/index.html]
[nvmassageandwellness.com/massage-saunas-facials/index.html]
[nvmassageandwellness.com/about-us/index.html]
[nvmassageandwellness.com/wp-content/uploads/2022/02/therapist.jpg]
[nvmassageandwellness.com/enhancements/index.html]
[nvmassageandwellness.com/wp-content/uploads/2020/10/ar__logo.png]
[nvmassageandwellness.com/wp-content/uploads/2022/01/IMG_3007.jpg]
[nvmassageandwellness.com/wp-content/uploads/2020/10/aprilrose-e1643328602587.jpg]
[nvmassageandwellness.com/wp-content/uploads/2020/10/stephanie-b-trip-advisor.jpg]
[nvmassageandwellness.com/wp-content/uploads/2020/10/plant-nursery-32.jpg]
[nvmassageandwellness.com/wp-content/uploads/2020/10/djcinaz-trip-advisor.jpg]
[nvmassageandwellness.com/wp-content/uploads/2020/10/cecilia-medina-DnMJ6thtMts-unsplash-scaled-e1598671082149.jpg]
[nvmassageandwellness.com/wp-content/themes/nvmaw/js/script4963.js]
[nvmassageandwellness.com/wp-includes/js/dist/vendor/regenerator-runtime.min3937.js]
[nvmassageandwellness.com/wp-includes/js/dist/vendor/wp-polyfill.min2c7c.js]
[nvmassageandwellness.com/wp-content/plugins/contact-form-7/includes/js/index7661.js]
[nvmassageandwellness.com/index.html]
[nvmassageandwellness.com/_br/__b_Warning_/b__  Use of undefined constant THEME_DIR - assu/home/customer/www/nvmassageandwellness.com/public_ht/favicon.0.delaye]
[stackpath.bootstrapcdn.com/font-awesome/4.7.0/css/font-awesome.min.css]
[nvmassageandwellness.com/wp-content/plugins/divi-builder/core/admin/js/common8e83.js]
[nvmassageandwellness.com/wp-content/plugins/divi-builder/js/divi-builder.min8e83.js]
[nvmassageandwellness.com/wp-content/uploads/2021/03/baskets-x-sm.jpg]
[nvmassageandwellness.com/wp-content/themes/nvmaw/style9b2d.css]
[nvmassageandwellness.com/wp-content/themes/nvmaw/responsive9b2d.css]
[nvmassageandwellness.com/wp-includes/css/dist/block-library/style.min9b2d.css]
[nvmassageandwellness.com/wp-includes/css/classic-themes.min68b3.css]
[nvmassageandwellness.com/wp-content/plugins/contact-form-7/includes/css/styles7661.css]
[nvmassageandwellness.com/wp-content/plugins/divi-builder/core/admin/fonts/modules.eot]
[nvmassageandwellness.com/wp-content/plugins/divi-builder/core/admin/fonts/modulesd41d.eot]
[nvmassageandwellness.com/wp-content/plugins/divi-builder/core/admin/fonts/modules.woff]
[nvmassageandwellness.com/wp-content/plugins/divi-builder/core/admin/fonts/modules.svg]
[nvmassageandwellness.com/wp-content/plugins/divi-builder/images/images/subscribe-loader.gif]
[nvmassageandwellness.com/wp-content/plugins/divi-builder/images/images/preloader.gif]
[nvmassageandwellness.com/wp-content/plugins/divi-builder/includes/builder/styles/frontend-builder-plugin-style.unified8e83.css]
[nvmassageandwellness.com/wp-content/uploads/2021/09/carmen-gonzalez-aSGk2WzG6fM-unsplash-scaled.jpg]
[nvmassageandwellness.com/wp-content/et-cache/11/et-core-unified-11-1667333293862.min.css]
[nvmassageandwellness.com/become-a-member/_br/__b_Warning_/b__  Use of undefined constant THEME_DIR - assu/home/customer/www/nvmassageandwelln/favicon.2f.delaye]
[nvmassageandwellness.com/wp-json/wp/v2/pages/679.json]
[nvmassageandwellness.com/wp-json/oembed/1.0/embedb369.json]
[nvmassageandwellness.com/wp-json/oembed/1.0/embed71d1]
[nvmassageandwellness.com/wp-content/et-cache/679/et-core-unified-679-16664008076129.min.css]
[nvmassageandwellness.com/wp-content/uploads/2022/01/Untitled-design-2.jpg]
[nvmassageandwellness.com/wp-content/uploads/2020/10/iStock-1176488160.jpg]
[nvmassageandwellness.com/wp-content/uploads/2021/10/iStock-1268992634-scaled.jpg]
[nvmassageandwellness.com/become-a-member/index.html]
[nvmassageandwellness.com/wp-json/wp/v2/pages/685.json]
[nvmassageandwellness.com/wp-json/oembed/1.0/embedc004.json]
[nvmassageandwellness.com/enhancements/_br/__b_Warning_/b__  Use of undefined constant THEME_DIR - assu/home/customer/www/nvmassageandwellness/favicon.37.delaye]
[nvmassageandwellness.com/wp-json/oembed/1.0/embed0aca]
[nvmassageandwellness.com/wp-content/et-cache/685/et-core-unified-685-1666414971781.min.css]
[nvmassageandwellness.com/wp-content/uploads/2020/10/stars.png]
[nvmassageandwellness.com/enhancements/index.html]
[nvmassageandwellness.com/wp-json/wp/v2/pages/694.json]
[nvmassageandwellness.com/about-us/_br/__b_Warning_/b__  Use of undefined constant THEME_DIR - assu/home/customer/www/nvmassageandwellness.com/favicon.3d.delaye]
[nvmassageandwellness.com/wp-json/oembed/1.0/embedae68.json]
[nvmassageandwellness.com/wp-json/oembed/1.0/embed2b3c]
[nvmassageandwellness.com/wp-content/et-cache/694/et-core-unified-694-16664145601753.min.css]
[nvmassageandwellness.com/wp-content/uploads/2020/10/april-rose-photograph.jpg]
[nvmassageandwellness.com/wp-content/uploads/2020/10/IMG_9479.jpg]
[nvmassageandwellness.com/wp-content/uploads/2020/10/farma-spray.jpg]
[nvmassageandwellness.com/wp-content/uploads/2020/10/body-butter.jpg]
[nvmassageandwellness.com/wp-content/uploads/2020/10/bath-soak.jpg]
[nvmassageandwellness.com/wp-content/uploads/2020/10/all-products.jpg]
[nvmassageandwellness.com/about-us/index.html]
[nvmassageandwellness.com/massage-saunas-facials/_br/__b_Warning_/b__  Use of undefined constant THEME_DIR - assu/home/customer/www/nvmassagea/favicon.48.delaye]
[nvmassageandwellness.com/wp-json/wp/v2/pages/718.json]
[nvmassageandwellness.com/wp-json/oembed/1.0/embed7e49.json]
[nvmassageandwellness.com/wp-json/oembed/1.0/embed91bb]
[nvmassageandwellness.com/massage-saunas-facials/index.html]
[nvmassageandwellness.com/wp-content/plugins/divi-builder/core/admin/fonts/modules.svg]
[nvmassageandwellness.com/wp-content/plugins/divi-builder/images/images/subscribe-loader.html]
[nvmassageandwellness.com/wp-content/plugins/divi-builder/images/images/preloader.html]
[nvmassageandwellness.com/become-a-member/_br/__b_Warning_/b__  Use of undefined constant THEME_DIR - assu/home/customer/www/nvmassageandwelln/favicon.2f.delaye]
[nvmassageandwellness.com/wp-content/et-cache/718/et-core-unified-718-16663988454237.min.css]
[nvmassageandwellness.com/indexb4ec.html]
[nvmassageandwellness.com/wp-content/uploads/2020/10/striped-bg.png]
[nvmassageandwellness.com/wp-content/et-cache/679/et-core-unified-679-16664008076129.min.css]
[nvmassageandwellness.com/enhancements/_br/__b_Warning_/b__  Use of undefined constant THEME_DIR - assu/home/customer/www/nvmassageandwellness/favicon.37.delaye]
[nvmassageandwellness.com/index0111.html]
[nvmassageandwellness.com/wp-content/uploads/2022/01/cropped-nv-logo.png]
[nvmassageandwellness.com/wp-content/uploads/2021/09/carmen-gonzalez-aSGk2WzG6fM-unsplash-scaled.jpg]
[nvmassageandwellness.com/wp-content/uploads/2020/10/winery-background.jpg]
[nvmassageandwellness.com/wp-content/et-cache/685/et-core-unified-685-1666414971781.min.css]
[nvmassageandwellness.com/about-us/_br/__b_Warning_/b__  Use of undefined constant THEME_DIR - assu/home/customer/www/nvmassageandwellness.com/favicon.3d.delaye]
[nvmassageandwellness.com/index21fd.html]
[nvmassageandwellness.com/wp-content/et-cache/694/et-core-unified-694-16664145601753.min.css]
[nvmassageandwellness.com/massage-saunas-facials/_br/__b_Warning_/b__  Use of undefined constant THEME_DIR - assu/home/customer/www/nvmassagea/favicon.48.delaye]
[nvmassageandwellness.com/index12e9.html]
[nvmassageandwellness.com/wp-content/et-cache/718/et-core-unified-718-16663988454237.min.css]
[nvmassageandwellness.com/xmlrpc.php]
[nvmassageandwellness.com/xmlrpc0db0.php]
[nvmassageandwellness.com/wp-includes/wlwmanifest.xml]
[code.tidio.co_443/wv5w8bjj7ng0hvujtfnafaje1laqdq57.js]
